
> deepskyn-backend@0.0.1 test
> jest users.service.spec --no-coverage --passWithNoTests

  console.log
    Moderation result: { flagged: false, score: 0 }

      at UsersService.update (src/user/users.service.ts:35:15)

  console.log
    Moderation result: { flagged: true, score: 0.95 }

      at UsersService.update (src/user/users.service.ts:35:15)

  console.log
    Moderation result: { flagged: true, score: 0.87 }

      at UsersService.update (src/user/users.service.ts:35:15)

node.exe : PASS src/user/users.service.spec.ts (19.384 s)
Au caractère Ligne:1 : 1
+ & "C:\Program Files\nodejs/node.exe" "C:\Program Files\nodejs/node_mo ...
+ ~~~~~~~~~~~~~~~~~~~~~~~~~~~~~~~~~~~~~~~~~~~~~~~~~~~~~~~~~~~~~~~~~~~~~
    + CategoryInfo          : NotSpecified: (PASS src/user/u...c.ts (19.384 s) 
   :String) [], RemoteException
    + FullyQualifiedErrorId : NativeCommandError
 
  UsersService
    findById
      ÔêÜ should return a user when found (58 ms)
      ÔêÜ should throw NotFoundException when user not found (46 ms)
    findAll
      ÔêÜ should return all users (23 ms)
      ÔêÜ should return empty array when no users exist (10 ms)
    update
      ÔêÜ should update user when moderation check passes (61 ms)
      ÔêÜ should throw BadRequestException when bio fails moderation (6 ms)
      ÔêÜ should not check moderation if no bio is provided (3 ms)
      ÔêÜ should parse and convert birthDate correctly (4 ms)
      ÔêÜ should throw BadRequestException for invalid birthDate (9 ms)
      ÔêÜ should pass moderation result with correct error format (6 ms)
    remove
      ÔêÜ should delete user and return success message (4 ms)
      ÔêÜ should handle deletion of non-existent user (3 ms)
    Edge Cases & Error Handling
      ÔêÜ should handle null bio in moderation check gracefully (4 ms)
      ÔêÜ should handle multiple updates in succession (4 ms)

Test Suites: 1 passed, 1 total
Tests:       14 passed, 14 total
Snapshots:   0 total
Time:        20.489 s, estimated 32 s
Ran all test suites matching users.service.spec.
